
Memory Configuration

Name             Origin             Length             Attributes
Mem              0x00000000         0x04000000         xrw
*default*        0x00000000         0xffffffff

Linker script and memory map

                0x00010000                . = 0x10000

.reset          0x00010000       0x10
 startup.o(.text)
 .text          0x00010000       0x10 startup.o
                0x00010000                reset

.text           0x00010010       0xd8
 *(.text)
 .text          0x00010010       0x1c app.o
                0x00010010                main
 .text          0x0001002c       0x58 uart.o
                0x0001002c                Uart_send_string
 *(.rodata)
 .rodata        0x00010084       0x64 app.o
                0x00010084                string_buffer_2

.glue_7         0x000100e8        0x0
 .glue_7        0x000100e8        0x0 linker stubs

.glue_7t        0x000100e8        0x0
 .glue_7t       0x000100e8        0x0 linker stubs

.vfp11_veneer   0x000100e8        0x0
 .vfp11_veneer  0x000100e8        0x0 linker stubs

.v4_bx          0x000100e8        0x0
 .v4_bx         0x000100e8        0x0 linker stubs

.iplt           0x000100e8        0x0
 .iplt          0x000100e8        0x0 startup.o

.rel.dyn        0x000100e8        0x0
 .rel.iplt      0x000100e8        0x0 startup.o

.data           0x000100e8       0x64
 *(.data)
 .data          0x000100e8        0x0 startup.o
 .data          0x000100e8       0x64 app.o
                0x000100e8                string_buffer
 .data          0x0001014c        0x0 uart.o

.igot.plt       0x0001014c        0x0
 .igot.plt      0x0001014c        0x0 startup.o

.bss            0x0001014c        0x0
 *(.bss)
 .bss           0x0001014c        0x0 startup.o
 .bss           0x0001014c        0x0 app.o
 .bss           0x0001014c        0x0 uart.o
 *(COMMON)
                0x0001114c                . = (. + 0x1000)
                0x0001114c                stack_top = .
LOAD app.o
LOAD uart.o
LOAD startup.o
OUTPUT(a.out elf32-littlearm)
LOAD linker stubs

.ARM.attributes
                0x00000000       0x2e
 .ARM.attributes
                0x00000000       0x22 startup.o
 .ARM.attributes
                0x00000022       0x2c app.o
 .ARM.attributes
                0x0000004e       0x2c uart.o

.comment        0x00000000       0x49
 .comment       0x00000000       0x49 app.o
                                 0x4a (size before relaxing)
 .comment       0x00000049       0x4a uart.o

.debug_info     0x00000000       0xed
 .debug_info    0x00000000       0x94 app.o
 .debug_info    0x00000094       0x59 uart.o

.debug_abbrev   0x00000000       0xb8
 .debug_abbrev  0x00000000       0x63 app.o
 .debug_abbrev  0x00000063       0x55 uart.o

.debug_aranges  0x00000000       0x40
 .debug_aranges
                0x00000000       0x20 app.o
 .debug_aranges
                0x00000020       0x20 uart.o

.debug_line     0x00000000       0x89
 .debug_line    0x00000000       0x3b app.o
 .debug_line    0x0000003b       0x4e uart.o

.debug_str      0x00000000      0x114
 .debug_str     0x00000000       0xfc app.o
 .debug_str     0x000000fc       0x18 uart.o
                                 0xde (size before relaxing)

.debug_frame    0x00000000       0x5c
 .debug_frame   0x00000000       0x2c app.o
 .debug_frame   0x0000002c       0x30 uart.o
