
Memory Configuration

Name             Origin             Length             Attributes
flash            0x00000000         0x20000000         xr
sram             0x20000000         0x20000000         xrw
*default*        0x00000000         0xffffffff

Linker script and memory map


.text           0x00000000      0x144
 *(.vectors*)
 .vectors       0x00000000       0x10 startup.o
                0x00000000                g_p_fn_Vectors
 *(.text*)
 .text          0x00000010       0xa8 main.o
                0x00000010                main
 .text          0x000000b8       0x8c startup.o
                0x000000b8                reset_Handler
                0x000000b8                H_fault_Handler
                0x000000b8                NMI_Handler
 *(.rodata)
                0x00000144                _E_text = .

.glue_7         0x00000144        0x0
 .glue_7        0x00000144        0x0 linker stubs

.glue_7t        0x00000144        0x0
 .glue_7t       0x00000144        0x0 linker stubs

.vfp11_veneer   0x00000144        0x0
 .vfp11_veneer  0x00000144        0x0 linker stubs

.v4_bx          0x00000144        0x0
 .v4_bx         0x00000144        0x0 linker stubs

.iplt           0x00000144        0x0
 .iplt          0x00000144        0x0 main.o

.rel.dyn        0x00000144        0x0
 .rel.iplt      0x00000144        0x0 main.o

.data           0x20000000        0x0 load address 0x00000144
                0x20000000                _S_Data = .
 *(.data)
 .data          0x20000000        0x0 main.o
 .data          0x20000000        0x0 startup.o
                0x20000000                _E_Data = .

.igot.plt       0x20000000        0x0 load address 0x00000144
 .igot.plt      0x20000000        0x0 main.o

.bss            0x20000000      0x404 load address 0x00000144
                0x20000000                _S_bss = .
 *(.bss)
 .bss           0x20000000        0x4 main.o
                0x20000000                i
 .bss           0x20000004      0x400 startup.o
                0x20000404                _E_bss = .
                0x20000404                . = ALIGN (0x4)
LOAD main.o
LOAD startup.o
OUTPUT(output_cortex_m4.elf elf32-littlearm)
LOAD linker stubs

.debug_info     0x00000000      0x243
 .debug_info    0x00000000       0x94 main.o
 .debug_info    0x00000094      0x1af startup.o

.debug_abbrev   0x00000000      0x14c
 .debug_abbrev  0x00000000       0x6f main.o
 .debug_abbrev  0x0000006f       0xdd startup.o

.debug_loc      0x00000000       0x7c
 .debug_loc     0x00000000       0x2c main.o
 .debug_loc     0x0000002c       0x50 startup.o

.debug_aranges  0x00000000       0x40
 .debug_aranges
                0x00000000       0x20 main.o
 .debug_aranges
                0x00000020       0x20 startup.o

.debug_line     0x00000000      0x174
 .debug_line    0x00000000       0xae main.o
 .debug_line    0x000000ae       0xc6 startup.o

.debug_str      0x00000000      0x1a6
 .debug_str     0x00000000      0x11a main.o
                                0x133 (size before relaxing)
 .debug_str     0x0000011a       0x8c startup.o
                                0x1b2 (size before relaxing)

.comment        0x00000000       0x49
 .comment       0x00000000       0x49 main.o
                                 0x4a (size before relaxing)
 .comment       0x00000049       0x4a startup.o

.ARM.attributes
                0x00000000       0x2e
 .ARM.attributes
                0x00000000       0x2e main.o
 .ARM.attributes
                0x0000002e       0x2e startup.o

.debug_frame    0x00000000       0x5c
 .debug_frame   0x00000000       0x28 main.o
 .debug_frame   0x00000028       0x34 startup.o
