
Memory Configuration

Name             Origin             Length             Attributes
flash            0x08000000         0x00020000         xr
sram             0x20000000         0x00005000         xrw
*default*        0x00000000         0xffffffff

Linker script and memory map


.text           0x08000000      0x160
 *(.vectors*)
 .vectors       0x08000000       0x1c startup.o
                0x08000000                vectors
 *(.text*)
 .text          0x0800001c       0xb8 main.o
                0x0800001c                main
                0x080000ac                H_fault_Handler
 .text          0x080000d4       0x8c startup.o
                0x080000d4                Bus_fault_Handler
                0x080000d4                MM_fault_Handler
                0x080000d4                reset_Handler
                0x080000d4                usage_fault_Handler
                0x080000d4                NMI_Handler
 *(.rodata)
                0x08000160                _E_text = .

.glue_7         0x08000160        0x0
 .glue_7        0x08000160        0x0 linker stubs

.glue_7t        0x08000160        0x0
 .glue_7t       0x08000160        0x0 linker stubs

.vfp11_veneer   0x08000160        0x0
 .vfp11_veneer  0x08000160        0x0 linker stubs

.v4_bx          0x08000160        0x0
 .v4_bx         0x08000160        0x0 linker stubs

.iplt           0x08000160        0x0
 .iplt          0x08000160        0x0 main.o

.rel.dyn        0x08000160        0x0
 .rel.iplt      0x08000160        0x0 main.o

.data           0x20000000        0x4 load address 0x08000160
                0x20000000                _S_Data = .
 *(.data)
 .data          0x20000000        0x4 main.o
                0x20000000                R_ODR
 .data          0x20000004        0x0 startup.o
                0x20000004                _E_Data = .

.igot.plt       0x20000004        0x0 load address 0x08000164
 .igot.plt      0x20000004        0x0 main.o

.bss            0x20000004     0x1004 load address 0x08000164
                0x20000004                _S_bss = .
 *(.bss)
 .bss           0x20000004        0x4 main.o
                0x20000004                i
 .bss           0x20000008        0x0 startup.o
                0x20000008                _E_bss = .
                0x20000008                . = ALIGN (0x4)
                0x20001008                . = (. + 0x1000)
 *fill*         0x20000008     0x1000 
                0x20001008                _stack_top = .
LOAD main.o
LOAD startup.o
OUTPUT(output_cortex_m3.elf elf32-littlearm)
LOAD linker stubs

.debug_info     0x00000000      0x2c4
 .debug_info    0x00000000      0x140 main.o
 .debug_info    0x00000140      0x184 startup.o

.debug_abbrev   0x00000000      0x1dc
 .debug_abbrev  0x00000000      0x112 main.o
 .debug_abbrev  0x00000112       0xca startup.o

.debug_loc      0x00000000       0xd8
 .debug_loc     0x00000000       0x88 main.o
 .debug_loc     0x00000088       0x50 startup.o

.debug_aranges  0x00000000       0x40
 .debug_aranges
                0x00000000       0x20 main.o
 .debug_aranges
                0x00000020       0x20 startup.o

.debug_line     0x00000000      0x178
 .debug_line    0x00000000       0xb2 main.o
 .debug_line    0x000000b2       0xc6 startup.o

.debug_str      0x00000000      0x1db
 .debug_str     0x00000000      0x156 main.o
                                0x16f (size before relaxing)
 .debug_str     0x00000156       0x85 startup.o
                                0x1af (size before relaxing)

.comment        0x00000000       0x49
 .comment       0x00000000       0x49 main.o
                                 0x4a (size before relaxing)
 .comment       0x00000049       0x4a startup.o

.ARM.attributes
                0x00000000       0x2d
 .ARM.attributes
                0x00000000       0x2d main.o
 .ARM.attributes
                0x0000002d       0x2d startup.o

.debug_frame    0x00000000       0x84
 .debug_frame   0x00000000       0x50 main.o
 .debug_frame   0x00000050       0x34 startup.o
